/file/set-tui-version "21.1"


; 4. OVERSET SETTINGS
(cx-gui-do cx-set-list-tree-selections "NavigationPane*List_Tree1" (list "Setup|Overset Interfaces"))
(cx-gui-do cx-set-list-tree-selections "NavigationPane*List_Tree1" (list "Setup|Overset Interfaces"))
(cx-gui-do cx-activate-item "NavigationPane*List_Tree1")
(cx-gui-do cx-set-list-tree-selections "NavigationPane*List_Tree1" (list "Setup|Overset Interfaces"))
(cx-gui-do cx-activate-item "Overset Interfaces*PushButton4(Create/Edit)")
(cx-gui-do cx-set-text-entry "Create/Edit Overset Interfaces *Table1*TextEntry4( Overset Interface)" "overset_interface")
(cx-gui-do cx-activate-item "Create/Edit Overset Interfaces *Table1*List2( Background Zones)")
(cx-gui-do cx-set-list-selections "Create/Edit Overset Interfaces *Table1*List2( Background Zones)" '( 0))
(cx-gui-do cx-activate-item "Create/Edit Overset Interfaces *Table1*List3( Component Zones)")
(cx-gui-do cx-set-list-selections "Create/Edit Overset Interfaces *Table1*List3( Component Zones)" '( 0 1 2 3 4 5))
(cx-gui-do cx-activate-item "Create/Edit Overset Interfaces *PanelButtons*PushButton1(OK)")
(cx-gui-do cx-activate-item "Create/Edit Overset Interfaces *PanelButtons*PushButton2(Cancel)")
/define/overset-interfaces/grid-priorities overset_interface 0 1 2 2 2 1 1 
/define/overset-interfaces/options/donor-priority-method 1 

; 5. REFERENCE VALUES
(cx-gui-do cx-set-list-tree-selections "NavigationPane*List_Tree1" (list "Setup|Reference Values"))
(cx-gui-do cx-set-list-tree-selections "NavigationPane*List_Tree1" (list "Setup|Reference Values"))
(cx-gui-do cx-activate-item "NavigationPane*List_Tree1")
(cx-gui-do cx-set-list-tree-selections "NavigationPane*List_Tree1" (list "Setup|Reference Values"))
(cx-gui-do cx-set-real-entry-list "Reference Values*Table2(Reference Values)*RealEntry1(Area)" '( 150.45))
(cx-gui-do cx-activate-item "Reference Values*Table2(Reference Values)*RealEntry1(Area)")
(cx-gui-do cx-set-real-entry-list "Reference Values*Table2(Reference Values)*RealEntry8(Velocity)" '( 80))
(cx-gui-do cx-activate-item "Reference Values*Table2(Reference Values)*RealEntry8(Velocity)")
(cx-gui-do cx-set-real-entry-list "Reference Values*Table2(Reference Values)*RealEntry5(Length)" '( 3.5425))
(cx-gui-do cx-activate-item "Reference Values*Table2(Reference Values)*RealEntry5(Length)")

; 6. METHODS
(cx-gui-do cx-set-list-tree-selections "NavigationPane*List_Tree1" (list "Solution|Methods"))
(cx-gui-do cx-set-list-tree-selections "NavigationPane*List_Tree1" (list "Solution|Methods"))
(cx-gui-do cx-activate-item "NavigationPane*List_Tree1")
(cx-gui-do cx-set-list-tree-selections "NavigationPane*List_Tree1" (list "Solution|Methods"))
(cx-gui-do cx-set-list-selections "Solution Methods*Table1*Table3(Spatial Discretization)*DropDownList2(Pressure)" '( 1))
(cx-gui-do cx-activate-item "Solution Methods*Table1*Table3(Spatial Discretization)*DropDownList2(Pressure)")
(cx-gui-do cx-set-list-selections "Solution Methods*Table1*Table3(Spatial Discretization)*DropDownList3(Momentum)" '( 0))
(cx-gui-do cx-activate-item "Solution Methods*Table1*Table3(Spatial Discretization)*DropDownList3(Momentum)")
(cx-gui-do cx-set-list-selections "Solution Methods*Table1*Table3(Spatial Discretization)*DropDownList4(Turbulent Kinetic Energy)" '( 0))
(cx-gui-do cx-activate-item "Solution Methods*Table1*Table3(Spatial Discretization)*DropDownList4(Turbulent Kinetic Energy)")
(cx-gui-do cx-set-list-selections "Solution Methods*Table1*Table3(Spatial Discretization)*DropDownList5(Specific Dissipation Rate)" '( 0))
(cx-gui-do cx-activate-item "Solution Methods*Table1*Table3(Spatial Discretization)*DropDownList5(Specific Dissipation Rate)")
(cx-gui-do cx-set-list-tree-selections "NavigationPane*List_Tree1" (list "Setup|General"))
(cx-gui-do cx-set-list-tree-selections "NavigationPane*List_Tree1" (list "Setup|General"))
(cx-gui-do cx-activate-item "NavigationPane*List_Tree1")
(cx-gui-do cx-set-list-tree-selections "NavigationPane*List_Tree1" (list "Setup|General"))
(cx-gui-do cx-set-toggle-button2 "General*Table1*Table2(Solver)*ToggleBox5(Time)*Transient" #t)
(cx-gui-do cx-activate-item "General*Table1*Table2(Solver)*ToggleBox5(Time)*Transient")
(cx-gui-do cx-set-list-tree-selections "NavigationPane*List_Tree1" (list "Solution|Methods"))
(cx-gui-do cx-set-list-tree-selections "NavigationPane*List_Tree1" (list "Solution|Methods"))
(cx-gui-do cx-activate-item "NavigationPane*List_Tree1")
(cx-gui-do cx-set-list-tree-selections "NavigationPane*List_Tree1" (list "Solution|Methods"))
(cx-gui-do cx-set-list-selections "Solution Methods*Table1*Table2(Pressure-Velocity Coupling)*DropDownList2(Scheme)" '( 3))
(cx-gui-do cx-activate-item "Solution Methods*Table1*Table2(Pressure-Velocity Coupling)*DropDownList2(Scheme)")

; 7. INITIALIZATION
(cx-gui-do cx-set-list-tree-selections "NavigationPane*List_Tree1" (list "Solution|Initialization"))
(cx-gui-do cx-set-list-tree-selections "NavigationPane*List_Tree1" (list "Solution|Initialization"))
(cx-gui-do cx-activate-item "NavigationPane*List_Tree1")
(cx-gui-do cx-set-list-tree-selections "NavigationPane*List_Tree1" (list "Solution|Initialization"))
(cx-gui-do cx-set-list-selections "Solution Initialization*Table1*DropDownList1(Compute from)" '( 12))
(cx-gui-do cx-activate-item "Solution Initialization*Table1*DropDownList1(Compute from)")
(cx-gui-do cx-activate-item "Solution Initialization*Table1*Frame9*PushButton1(Initialize)")

; 8. PATCHING
; 8. PATCHING
(cx-gui-do cx-activate-item "Solution Initialization*Table1*Frame9*PushButton3(Patch)")
(cx-gui-do cx-set-list-selections "Patch*Frame1*Table2*List2(Variable)" '( 1))
(cx-gui-do cx-activate-item "Patch*Frame1*Table2*List2(Variable)")
(cx-gui-do cx-set-expression-entry "Patch*Frame2*ExpressionEntry1(Value)" '("" . 1))
(cx-gui-do cx-set-expression-entry "Patch*Frame2*ExpressionEntry1(Value)" '("2.895296546021679[m/s]*log((Position.z+0.1[m])/0.1[m])" . 1))
(cx-gui-do cx-set-list-selections "Patch*Frame3*List1(Zones to Patch)" '( 0))
(cx-gui-do cx-activate-item "Patch*Frame3*List1(Zones to Patch)")
(cx-gui-do cx-activate-item "Patch*PanelButtons*PushButton3(Patch)")
(cx-gui-do cx-set-list-selections "Patch*Frame3*List1(Zones to Patch)" '( 0 1))
(cx-gui-do cx-activate-item "Patch*Frame3*List1(Zones to Patch)")
(cx-gui-do cx-set-list-selections "Patch*Frame3*List1(Zones to Patch)" '( 1))
(cx-gui-do cx-activate-item "Patch*Frame3*List1(Zones to Patch)")
(cx-gui-do cx-activate-item "Patch*PanelButtons*PushButton3(Patch)")
(cx-gui-do cx-set-list-selections "Patch*Frame3*List1(Zones to Patch)" '( 1 2))
(cx-gui-do cx-activate-item "Patch*Frame3*List1(Zones to Patch)")
(cx-gui-do cx-set-list-selections "Patch*Frame3*List1(Zones to Patch)" '( 2))
(cx-gui-do cx-activate-item "Patch*Frame3*List1(Zones to Patch)")
(cx-gui-do cx-activate-item "Patch*PanelButtons*PushButton3(Patch)")
(cx-gui-do cx-activate-item "Patch*PanelButtons*PushButton3(Patch)")
(cx-gui-do cx-set-list-selections "Patch*Frame3*List1(Zones to Patch)" '( 2 3))
(cx-gui-do cx-activate-item "Patch*Frame3*List1(Zones to Patch)")
(cx-gui-do cx-set-list-selections "Patch*Frame3*List1(Zones to Patch)" '( 3))
(cx-gui-do cx-activate-item "Patch*Frame3*List1(Zones to Patch)")
(cx-gui-do cx-activate-item "Patch*PanelButtons*PushButton3(Patch)")
(cx-gui-do cx-set-list-selections "Patch*Frame3*List1(Zones to Patch)" '( 3 4))
(cx-gui-do cx-activate-item "Patch*Frame3*List1(Zones to Patch)")
(cx-gui-do cx-set-list-selections "Patch*Frame3*List1(Zones to Patch)" '( 4))
(cx-gui-do cx-activate-item "Patch*Frame3*List1(Zones to Patch)")
(cx-gui-do cx-activate-item "Patch*PanelButtons*PushButton3(Patch)")
(cx-gui-do cx-set-list-selections "Patch*Frame3*List1(Zones to Patch)" '( 4 5))
(cx-gui-do cx-activate-item "Patch*Frame3*List1(Zones to Patch)")
(cx-gui-do cx-set-list-selections "Patch*Frame3*List1(Zones to Patch)" '( 5))
(cx-gui-do cx-activate-item "Patch*Frame3*List1(Zones to Patch)")
(cx-gui-do cx-activate-item "Patch*PanelButtons*PushButton3(Patch)")
(cx-gui-do cx-set-list-selections "Patch*Frame3*List1(Zones to Patch)" '( 5 6))
(cx-gui-do cx-activate-item "Patch*Frame3*List1(Zones to Patch)")
(cx-gui-do cx-set-list-selections "Patch*Frame3*List1(Zones to Patch)" '( 6))
(cx-gui-do cx-activate-item "Patch*Frame3*List1(Zones to Patch)")
(cx-gui-do cx-activate-item "Patch*PanelButtons*PushButton3(Patch)")
(cx-gui-do cx-set-list-selections "Patch*Frame1*Table2*List2(Variable)" '( 5))
(cx-gui-do cx-activate-item "Patch*Frame1*Table2*List2(Variable)")
(cx-gui-do cx-set-expression-entry "Patch*Frame2*ExpressionEntry1(Value)" '("2.895296546021679[m/s]*log((Position.z+0.1[m])/0.1[m])" . 1))
(cx-gui-do cx-set-expression-entry "Patch*Frame2*ExpressionEntry1(Value)" '("9.65098848673893[m/s]*(1/(Position.z+0.1[m]))" . 1))
(cx-gui-do cx-set-list-selections "Patch*Frame3*List1(Zones to Patch)" '())
(cx-gui-do cx-activate-item "Patch*Frame3*List1(Zones to Patch)")
(cx-gui-do cx-set-list-selections "Patch*Frame3*List1(Zones to Patch)" '( 0))
(cx-gui-do cx-activate-item "Patch*Frame3*List1(Zones to Patch)")
(cx-gui-do cx-activate-item "Patch*PanelButtons*PushButton3(Patch)")
(cx-gui-do cx-set-list-selections "Patch*Frame3*List1(Zones to Patch)" '( 0 1))
(cx-gui-do cx-activate-item "Patch*Frame3*List1(Zones to Patch)")
(cx-gui-do cx-set-list-selections "Patch*Frame3*List1(Zones to Patch)" '( 1))
(cx-gui-do cx-activate-item "Patch*Frame3*List1(Zones to Patch)")
(cx-gui-do cx-activate-item "Patch*PanelButtons*PushButton3(Patch)")
(cx-gui-do cx-set-list-selections "Patch*Frame3*List1(Zones to Patch)" '( 1 2))
(cx-gui-do cx-activate-item "Patch*Frame3*List1(Zones to Patch)")
(cx-gui-do cx-set-list-selections "Patch*Frame3*List1(Zones to Patch)" '( 2))
(cx-gui-do cx-activate-item "Patch*Frame3*List1(Zones to Patch)")
(cx-gui-do cx-activate-item "Patch*PanelButtons*PushButton3(Patch)")
(cx-gui-do cx-set-list-selections "Patch*Frame3*List1(Zones to Patch)" '( 2 3))
(cx-gui-do cx-activate-item "Patch*Frame3*List1(Zones to Patch)")
(cx-gui-do cx-set-list-selections "Patch*Frame3*List1(Zones to Patch)" '( 3))
(cx-gui-do cx-activate-item "Patch*Frame3*List1(Zones to Patch)")
(cx-gui-do cx-activate-item "Patch*PanelButtons*PushButton3(Patch)")
(cx-gui-do cx-set-list-selections "Patch*Frame3*List1(Zones to Patch)" '( 3 4))
(cx-gui-do cx-activate-item "Patch*Frame3*List1(Zones to Patch)")
(cx-gui-do cx-set-list-selections "Patch*Frame3*List1(Zones to Patch)" '( 4))
(cx-gui-do cx-activate-item "Patch*Frame3*List1(Zones to Patch)")
(cx-gui-do cx-activate-item "Patch*PanelButtons*PushButton3(Patch)")
(cx-gui-do cx-set-list-selections "Patch*Frame3*List1(Zones to Patch)" '( 4 5))
(cx-gui-do cx-activate-item "Patch*Frame3*List1(Zones to Patch)")
(cx-gui-do cx-set-list-selections "Patch*Frame3*List1(Zones to Patch)" '( 5))
(cx-gui-do cx-activate-item "Patch*Frame3*List1(Zones to Patch)")
(cx-gui-do cx-activate-item "Patch*PanelButtons*PushButton3(Patch)")
(cx-gui-do cx-set-list-selections "Patch*Frame3*List1(Zones to Patch)" '( 5 6))
(cx-gui-do cx-activate-item "Patch*Frame3*List1(Zones to Patch)")
(cx-gui-do cx-set-list-selections "Patch*Frame3*List1(Zones to Patch)" '( 6))
(cx-gui-do cx-activate-item "Patch*Frame3*List1(Zones to Patch)")
(cx-gui-do cx-activate-item "Patch*PanelButtons*PushButton3(Patch)")
(cx-gui-do cx-set-list-selections "Patch*Frame1*Table2*List2(Variable)" '( 4))
(cx-gui-do cx-activate-item "Patch*Frame1*Table2*List2(Variable)")
(cx-gui-do cx-set-expression-entry "Patch*Frame2*ExpressionEntry1(Value)" '("2.895296546021679[m/s]*log((Position.z+0.1[m])/0.1[m])" . 1))
(cx-gui-do cx-set-expression-entry "Patch*Frame2*ExpressionEntry1(Value)" '("4.89858639014518 [m^2 s^-2] *sqrt(-0.04*log((Position.z+0.1[m])/0.1[m]) +0.53)" . 1))
(cx-gui-do cx-set-list-selections "Patch*Frame3*List1(Zones to Patch)" '())
(cx-gui-do cx-activate-item "Patch*Frame3*List1(Zones to Patch)")
(cx-gui-do cx-set-list-selections "Patch*Frame3*List1(Zones to Patch)" '( 0))
(cx-gui-do cx-activate-item "Patch*Frame3*List1(Zones to Patch)")
(cx-gui-do cx-activate-item "Patch*PanelButtons*PushButton3(Patch)")
(cx-gui-do cx-set-list-selections "Patch*Frame3*List1(Zones to Patch)" '())
(cx-gui-do cx-activate-item "Patch*Frame3*List1(Zones to Patch)")
(cx-gui-do cx-set-list-selections "Patch*Frame3*List1(Zones to Patch)" '( 1))
(cx-gui-do cx-activate-item "Patch*Frame3*List1(Zones to Patch)")
(cx-gui-do cx-activate-item "Patch*PanelButtons*PushButton3(Patch)")
(cx-gui-do cx-set-list-selections "Patch*Frame3*List1(Zones to Patch)" '( 1 2))
(cx-gui-do cx-activate-item "Patch*Frame3*List1(Zones to Patch)")
(cx-gui-do cx-set-list-selections "Patch*Frame3*List1(Zones to Patch)" '( 2))
(cx-gui-do cx-activate-item "Patch*Frame3*List1(Zones to Patch)")
(cx-gui-do cx-activate-item "Patch*PanelButtons*PushButton3(Patch)")
(cx-gui-do cx-set-list-selections "Patch*Frame3*List1(Zones to Patch)" '( 2 3))
(cx-gui-do cx-activate-item "Patch*Frame3*List1(Zones to Patch)")
(cx-gui-do cx-set-list-selections "Patch*Frame3*List1(Zones to Patch)" '( 3))
(cx-gui-do cx-activate-item "Patch*Frame3*List1(Zones to Patch)")
(cx-gui-do cx-activate-item "Patch*PanelButtons*PushButton3(Patch)")
(cx-gui-do cx-set-list-selections "Patch*Frame3*List1(Zones to Patch)" '( 3 4))
(cx-gui-do cx-activate-item "Patch*Frame3*List1(Zones to Patch)")
(cx-gui-do cx-set-list-selections "Patch*Frame3*List1(Zones to Patch)" '( 4))
(cx-gui-do cx-activate-item "Patch*Frame3*List1(Zones to Patch)")
(cx-gui-do cx-activate-item "Patch*PanelButtons*PushButton3(Patch)")
(cx-gui-do cx-set-list-selections "Patch*Frame3*List1(Zones to Patch)" '( 4 5))
(cx-gui-do cx-activate-item "Patch*Frame3*List1(Zones to Patch)")
(cx-gui-do cx-set-list-selections "Patch*Frame3*List1(Zones to Patch)" '( 5))
(cx-gui-do cx-activate-item "Patch*Frame3*List1(Zones to Patch)")
(cx-gui-do cx-activate-item "Patch*PanelButtons*PushButton3(Patch)")
(cx-gui-do cx-set-list-selections "Patch*Frame3*List1(Zones to Patch)" '( 5 6))
(cx-gui-do cx-activate-item "Patch*Frame3*List1(Zones to Patch)")
(cx-gui-do cx-set-list-selections "Patch*Frame3*List1(Zones to Patch)" '( 6))
(cx-gui-do cx-activate-item "Patch*Frame3*List1(Zones to Patch)")
(cx-gui-do cx-activate-item "Patch*PanelButtons*PushButton3(Patch)")
(cx-gui-do cx-activate-item "Patch*PanelButtons*PushButton1(Close)")

;9: OUTPUTS: REPORT DEFINITIONS
(cx-gui-do cx-set-list-tree-selections "NavigationPane*List_Tree1" (list "Solution|Report Definitions"))
(cx-gui-do cx-set-list-tree-selections "NavigationPane*List_Tree1" (list "Solution|Report Definitions"))
(cx-gui-do cx-activate-item "NavigationPane*List_Tree1")
(cx-gui-do cx-set-list-tree-selections "NavigationPane*List_Tree1" (list "Solution|Report Definitions"))
(cx-gui-do cx-activate-item "Report Definitions*Table1*ButtonBox3*PushButton1(New)")
(cx-gui-do cx-activate-item "MenuBar*Force ReportSubMenu*Drag...")
(cx-gui-do cx-set-text-entry "Drag Report Definition*Table1*TextEntry3(Name)" "cx")
(cx-gui-do cx-activate-item "Drag Report Definition*Table1*TextEntry3(Name)")
(cx-gui-do cx-activate-item "Drag Report Definition*Table1*Table2*List2(Zones)")
(cx-gui-do cx-set-list-selections "Drag Report Definition*Table1*Table2*List2(Zones)" '( 0 1 2 3 4 5 6 7 8 9 10))
(cx-gui-do cx-set-list-selections "Drag Report Definition*Table1*Table2*List2(Zones)" '( 0 1 3 4 5 6 7 8 9 10))
(cx-gui-do cx-activate-item "Drag Report Definition*Table1*Table2*List2(Zones)")
(cx-gui-do cx-activate-item "Drag Report Definition*PanelButtons*PushButton1(OK)")
(cx-gui-do cx-activate-item "Report Definitions*Table1*ButtonBox3*PushButton1(New)")
(cx-gui-do cx-activate-item "MenuBar*Force ReportSubMenu*Lift...")
(cx-gui-do cx-set-text-entry "Lift Report Definition*Table1*TextEntry3(Name)" "cy")
(cx-gui-do cx-activate-item "Lift Report Definition*Table1*TextEntry3(Name)")
(cx-gui-do cx-activate-item "Lift Report Definition*Table1*Table2*List2(Zones)")
(cx-gui-do cx-set-list-selections "Lift Report Definition*Table1*Table2*List2(Zones)" '( 0 1 2 3 4 5 6 7 8 9 10))
(cx-gui-do cx-set-list-selections "Lift Report Definition*Table1*Table2*List2(Zones)" '( 0 1 3 4 5 6 7 8 9 10))
(cx-gui-do cx-activate-item "Lift Report Definition*Table1*Table2*List2(Zones)")
(cx-gui-do cx-activate-item "Lift Report Definition*PanelButtons*PushButton1(OK)")
(cx-gui-do cx-activate-item "Report Definitions*Table1*ButtonBox3*PushButton1(New)")
(cx-gui-do cx-activate-item "MenuBar*Force ReportSubMenu*Lift...")
(cx-gui-do cx-set-real-entry-list "Lift Report Definition*Table1*Table1*Table2*Table2(Force Vector)*RealEntry3(Z)" '( 1))
(cx-gui-do cx-set-real-entry-list "Lift Report Definition*Table1*Table1*Table2*Table2(Force Vector)*RealEntry2(Y)" '( 0))
(cx-gui-do cx-set-text-entry "Lift Report Definition*Table1*TextEntry3(Name)" "cz")
(cx-gui-do cx-activate-item "Lift Report Definition*Table1*TextEntry3(Name)")
(cx-gui-do cx-activate-item "Lift Report Definition*Table1*Table2*List2(Zones)")
(cx-gui-do cx-set-list-selections "Lift Report Definition*Table1*Table2*List2(Zones)" '( 0 1 2 3 4 5 6 7 8 9 10))
(cx-gui-do cx-set-list-selections "Lift Report Definition*Table1*Table2*List2(Zones)" '( 0 1 3 4 5 6 7 8 9 10))
(cx-gui-do cx-activate-item "Lift Report Definition*Table1*Table2*List2(Zones)")
(cx-gui-do cx-activate-item "Lift Report Definition*PanelButtons*PushButton1(OK)")
(cx-gui-do cx-activate-item "Report Definitions*Table1*ButtonBox3*PushButton1(New)")
(cx-gui-do cx-activate-item "MenuBar*Force ReportSubMenu*Moment...")
(cx-gui-do cx-set-real-entry-list "Moment Report Definition*Table1*Table1*Table2*Table3(Moment Axis)*RealEntry1(X)" '( 1))
(cx-gui-do cx-set-real-entry-list "Moment Report Definition*Table1*Table1*Table2*Table3(Moment Axis)*RealEntry3(Z)" '( 0))
(cx-gui-do cx-activate-item "Moment Report Definition*Table1*Table2*List2(Zones)")
(cx-gui-do cx-set-list-selections "Moment Report Definition*Table1*Table2*List2(Zones)" '( 0 1 2 3 4 5 6 7 8 9 10))
(cx-gui-do cx-set-list-selections "Moment Report Definition*Table1*Table2*List2(Zones)" '( 0 1 3 4 5 6 7 8 9 10))
(cx-gui-do cx-activate-item "Moment Report Definition*Table1*Table2*List2(Zones)")
(cx-gui-do cx-set-text-entry "Moment Report Definition*Table1*TextEntry3(Name)" "cmx")
(cx-gui-do cx-activate-item "Moment Report Definition*Table1*TextEntry3(Name)")
(cx-gui-do cx-activate-item "Moment Report Definition*PanelButtons*PushButton1(OK)")
(cx-gui-do cx-activate-item "Report Definitions*Table1*ButtonBox3*PushButton1(New)")
(cx-gui-do cx-activate-item "MenuBar*Force ReportSubMenu*Moment...")
(cx-gui-do cx-set-real-entry-list "Moment Report Definition*Table1*Table1*Table2*Table3(Moment Axis)*RealEntry2(Y)" '( 1))
(cx-gui-do cx-set-real-entry-list "Moment Report Definition*Table1*Table1*Table2*Table3(Moment Axis)*RealEntry3(Z)" '( 0))
(cx-gui-do cx-set-text-entry "Moment Report Definition*Table1*TextEntry3(Name)" "cmy")
(cx-gui-do cx-activate-item "Moment Report Definition*Table1*TextEntry3(Name)")
(cx-gui-do cx-activate-item "Moment Report Definition*Table1*Table2*List2(Zones)")
(cx-gui-do cx-set-list-selections "Moment Report Definition*Table1*Table2*List2(Zones)" '( 0 1 2 3 4 5 6 7 8 9 10))
(cx-gui-do cx-set-list-selections "Moment Report Definition*Table1*Table2*List2(Zones)" '( 0 1 3 4 5 6 7 8 9 10))
(cx-gui-do cx-activate-item "Moment Report Definition*Table1*Table2*List2(Zones)")
(cx-gui-do cx-activate-item "Moment Report Definition*PanelButtons*PushButton1(OK)")
(cx-gui-do cx-activate-item "Report Definitions*Table1*ButtonBox3*PushButton1(New)")
(cx-gui-do cx-activate-item "MenuBar*Force ReportSubMenu*Moment...")
(cx-gui-do cx-set-text-entry "Moment Report Definition*Table1*TextEntry3(Name)" "cmz")
(cx-gui-do cx-activate-item "Moment Report Definition*Table1*TextEntry3(Name)")
(cx-gui-do cx-activate-item "Moment Report Definition*Table1*Table2*List2(Zones)")
(cx-gui-do cx-set-list-selections "Moment Report Definition*Table1*Table2*List2(Zones)" '( 0 1 2 3 4 5 6 7 8 9 10))
(cx-gui-do cx-set-list-selections "Moment Report Definition*Table1*Table2*List2(Zones)" '( 0 1 3 4 5 6 7 8 9 10))
(cx-gui-do cx-activate-item "Moment Report Definition*Table1*Table2*List2(Zones)")
(cx-gui-do cx-activate-item "Moment Report Definition*PanelButtons*PushButton1(OK)")
(cx-gui-do cx-activate-item "Report Definitions*Table1*ButtonBox3*PushButton1(New)")
(cx-gui-do cx-activate-item "MenuBar*Surface ReportSubMenu*Area-Weighted Average...")
(cx-gui-do cx-set-list-selections "Surface Report Definition*Table1*Table2*DropDownList3(Field Variable)" '( 2))
(cx-gui-do cx-activate-item "Surface Report Definition*Table1*Table2*DropDownList3(Field Variable)")
(cx-gui-do cx-set-list-selections "Surface Report Definition*Table1*Table2*Table6*List1(Surfaces)" '())
(cx-gui-do cx-set-list-selections "Surface Report Definition*Table1*Table2*Table6*List1(Surfaces)" '())
(cx-gui-do cx-set-list-selections "Surface Report Definition*Table1*Table2*Table6*List1(Surfaces)" '( 0))
(cx-gui-do cx-activate-item "Surface Report Definition*Table1*Table2*Table6*List1(Surfaces)")
(cx-gui-do cx-set-list-selections "Surface Report Definition*Table1*Table2*Table6*List1(Surfaces)" '( 0))
(cx-gui-do cx-set-list-selections "Surface Report Definition*Table1*Table2*Table6*List1(Surfaces)" '( 0))
(cx-gui-do cx-set-list-selections "Surface Report Definition*Table1*Table2*Table6*List1(Surfaces)" '( 0 1))
(cx-gui-do cx-activate-item "Surface Report Definition*Table1*Table2*Table6*List1(Surfaces)")
(cx-gui-do cx-set-list-selections "Surface Report Definition*Table1*Table2*Table6*List1(Surfaces)" '( 0 1))
(cx-gui-do cx-set-list-selections "Surface Report Definition*Table1*Table2*Table6*List1(Surfaces)" '( 0 1))
(cx-gui-do cx-set-list-selections "Surface Report Definition*Table1*Table2*Table6*List1(Surfaces)" '( 0 1 27))
(cx-gui-do cx-activate-item "Surface Report Definition*Table1*Table2*Table6*List1(Surfaces)")
(cx-gui-do cx-set-list-selections "Surface Report Definition*Table1*Table2*Table6*List1(Surfaces)" '( 0 1 27 28))
(cx-gui-do cx-activate-item "Surface Report Definition*Table1*Table2*Table6*List1(Surfaces)")
(cx-gui-do cx-set-list-selections "Surface Report Definition*Table1*Table2*Table6*List1(Surfaces)" '( 0 1 27 28 29))
(cx-gui-do cx-activate-item "Surface Report Definition*Table1*Table2*Table6*List1(Surfaces)")
(cx-gui-do cx-set-list-selections "Surface Report Definition*Table1*Table2*Table6*List1(Surfaces)" '( 0 1 27 28 29 30))
(cx-gui-do cx-activate-item "Surface Report Definition*Table1*Table2*Table6*List1(Surfaces)")
(cx-gui-do cx-set-list-selections "Surface Report Definition*Table1*Table2*Table6*List1(Surfaces)" '( 0 1 27 28 29 30 31))
(cx-gui-do cx-activate-item "Surface Report Definition*Table1*Table2*Table6*List1(Surfaces)")
(cx-gui-do cx-set-list-selections "Surface Report Definition*Table1*Table2*Table6*List1(Surfaces)" '( 0 1 27 28 29 30 31 32))
(cx-gui-do cx-activate-item "Surface Report Definition*Table1*Table2*Table6*List1(Surfaces)")
(cx-gui-do cx-set-list-selections "Surface Report Definition*Table1*Table2*Table6*List1(Surfaces)" '( 0 1 27 28 29 30 31 32 33))
(cx-gui-do cx-activate-item "Surface Report Definition*Table1*Table2*Table6*List1(Surfaces)")
(cx-gui-do cx-set-list-selections "Surface Report Definition*Table1*Table2*Table6*List1(Surfaces)" '( 0 1 27 28 29 30 31 32 33 34))
(cx-gui-do cx-activate-item "Surface Report Definition*Table1*Table2*Table6*List1(Surfaces)")
(cx-gui-do cx-set-text-entry "Surface Report Definition*Table1*Table1*TextEntry1(Name)" "vel_mag")
(cx-gui-do cx-activate-item "Surface Report Definition*Table1*Table1*TextEntry1(Name)")
(cx-gui-do cx-activate-item "Surface Report Definition*PanelButtons*PushButton1(OK)")
(cx-gui-do cx-activate-item "Report Definitions*Table1*ButtonBox3*PushButton1(New)")
(cx-gui-do cx-activate-item "MenuBar*Surface ReportSubMenu*Area-Weighted Average...")
(cx-gui-do cx-set-list-selections "Surface Report Definition*Table1*Table2*Table6*List1(Surfaces)" '( 0))
(cx-gui-do cx-activate-item "Surface Report Definition*Table1*Table2*Table6*List1(Surfaces)")
(cx-gui-do cx-set-list-selections "Surface Report Definition*Table1*Table2*Table6*List1(Surfaces)" '( 0 1))
(cx-gui-do cx-activate-item "Surface Report Definition*Table1*Table2*Table6*List1(Surfaces)")
(cx-gui-do cx-set-list-selections "Surface Report Definition*Table1*Table2*Table6*List1(Surfaces)" '( 0 1 27))
(cx-gui-do cx-activate-item "Surface Report Definition*Table1*Table2*Table6*List1(Surfaces)")
(cx-gui-do cx-set-list-selections "Surface Report Definition*Table1*Table2*Table6*List1(Surfaces)" '( 0 1))
(cx-gui-do cx-activate-item "Surface Report Definition*Table1*Table2*Table6*List1(Surfaces)")
(cx-gui-do cx-set-list-selections "Surface Report Definition*Table1*Table2*Table6*List1(Surfaces)" '( 0 1 27))
(cx-gui-do cx-activate-item "Surface Report Definition*Table1*Table2*Table6*List1(Surfaces)")
(cx-gui-do cx-set-list-selections "Surface Report Definition*Table1*Table2*Table6*List1(Surfaces)" '( 0 1 27 28))
(cx-gui-do cx-activate-item "Surface Report Definition*Table1*Table2*Table6*List1(Surfaces)")
(cx-gui-do cx-set-list-selections "Surface Report Definition*Table1*Table2*Table6*List1(Surfaces)" '( 0 1 27 28 29))
(cx-gui-do cx-activate-item "Surface Report Definition*Table1*Table2*Table6*List1(Surfaces)")
(cx-gui-do cx-set-list-selections "Surface Report Definition*Table1*Table2*Table6*List1(Surfaces)" '( 0 1 27 28 29 30))
(cx-gui-do cx-activate-item "Surface Report Definition*Table1*Table2*Table6*List1(Surfaces)")
(cx-gui-do cx-set-list-selections "Surface Report Definition*Table1*Table2*Table6*List1(Surfaces)" '( 0 1 27 28 29 30 31))
(cx-gui-do cx-activate-item "Surface Report Definition*Table1*Table2*Table6*List1(Surfaces)")
(cx-gui-do cx-set-list-selections "Surface Report Definition*Table1*Table2*Table6*List1(Surfaces)" '( 0 1 27 28 29 30 31 32))
(cx-gui-do cx-activate-item "Surface Report Definition*Table1*Table2*Table6*List1(Surfaces)")
(cx-gui-do cx-set-list-selections "Surface Report Definition*Table1*Table2*Table6*List1(Surfaces)" '( 0 1 27 28 29 30 31 32 33))
(cx-gui-do cx-activate-item "Surface Report Definition*Table1*Table2*Table6*List1(Surfaces)")
(cx-gui-do cx-set-list-selections "Surface Report Definition*Table1*Table2*Table6*List1(Surfaces)" '( 0 1 27 28 29 30 31 32 33 34))
(cx-gui-do cx-activate-item "Surface Report Definition*Table1*Table2*Table6*List1(Surfaces)")
(cx-gui-do cx-set-list-selections "Surface Report Definition*Table1*Table2*DropDownList3(Field Variable)" '( 2))
(cx-gui-do cx-activate-item "Surface Report Definition*Table1*Table2*DropDownList3(Field Variable)")
(cx-gui-do cx-set-list-selections "Surface Report Definition*Table1*Table2*DropDownList4" '( 1))
(cx-gui-do cx-activate-item "Surface Report Definition*Table1*Table2*DropDownList4")
(cx-gui-do cx-set-text-entry "Surface Report Definition*Table1*Table1*TextEntry1(Name)" "vel_x")
(cx-gui-do cx-activate-item "Surface Report Definition*Table1*Table1*TextEntry1(Name)")
(cx-gui-do cx-activate-item "Surface Report Definition*PanelButtons*PushButton1(OK)")
(cx-gui-do cx-activate-item "Report Definitions*Table1*ButtonBox3*PushButton1(New)")
(cx-gui-do cx-activate-item "MenuBar*Surface ReportSubMenu*Area-Weighted Average...")
(cx-gui-do cx-set-list-selections "Surface Report Definition*Table1*Table2*DropDownList3(Field Variable)" '( 2))
(cx-gui-do cx-activate-item "Surface Report Definition*Table1*Table2*DropDownList3(Field Variable)")
(cx-gui-do cx-set-list-selections "Surface Report Definition*Table1*Table2*DropDownList4" '( 2))
(cx-gui-do cx-activate-item "Surface Report Definition*Table1*Table2*DropDownList4")
(cx-gui-do cx-set-list-selections "Surface Report Definition*Table1*Table2*Table6*List1(Surfaces)" '( 0))
(cx-gui-do cx-activate-item "Surface Report Definition*Table1*Table2*Table6*List1(Surfaces)")
(cx-gui-do cx-set-list-selections "Surface Report Definition*Table1*Table2*Table6*List1(Surfaces)" '( 0))
(cx-gui-do cx-set-list-selections "Surface Report Definition*Table1*Table2*Table6*List1(Surfaces)" '( 0))
(cx-gui-do cx-set-list-selections "Surface Report Definition*Table1*Table2*Table6*List1(Surfaces)" '( 0 1))
(cx-gui-do cx-activate-item "Surface Report Definition*Table1*Table2*Table6*List1(Surfaces)")
(cx-gui-do cx-set-list-selections "Surface Report Definition*Table1*Table2*Table6*List1(Surfaces)" '( 0 1 27))
(cx-gui-do cx-activate-item "Surface Report Definition*Table1*Table2*Table6*List1(Surfaces)")
(cx-gui-do cx-set-list-selections "Surface Report Definition*Table1*Table2*Table6*List1(Surfaces)" '( 0 1 27 28))
(cx-gui-do cx-activate-item "Surface Report Definition*Table1*Table2*Table6*List1(Surfaces)")
(cx-gui-do cx-set-list-selections "Surface Report Definition*Table1*Table2*Table6*List1(Surfaces)" '( 0 1 27 28))
(cx-gui-do cx-set-list-selections "Surface Report Definition*Table1*Table2*Table6*List1(Surfaces)" '( 0 1 27 28))
(cx-gui-do cx-set-list-selections "Surface Report Definition*Table1*Table2*Table6*List1(Surfaces)" '( 0 1 27 28 29))
(cx-gui-do cx-activate-item "Surface Report Definition*Table1*Table2*Table6*List1(Surfaces)")
(cx-gui-do cx-set-list-selections "Surface Report Definition*Table1*Table2*Table6*List1(Surfaces)" '( 0 1 27 28 29 30))
(cx-gui-do cx-activate-item "Surface Report Definition*Table1*Table2*Table6*List1(Surfaces)")
(cx-gui-do cx-set-list-selections "Surface Report Definition*Table1*Table2*Table6*List1(Surfaces)" '( 0 1 27 28 29 30))
(cx-gui-do cx-set-list-selections "Surface Report Definition*Table1*Table2*Table6*List1(Surfaces)" '( 0 1 27 28 29 30))
(cx-gui-do cx-set-list-selections "Surface Report Definition*Table1*Table2*Table6*List1(Surfaces)" '( 0 1 27 28 29 30 31))
(cx-gui-do cx-activate-item "Surface Report Definition*Table1*Table2*Table6*List1(Surfaces)")
(cx-gui-do cx-set-list-selections "Surface Report Definition*Table1*Table2*Table6*List1(Surfaces)" '( 0 1 27 28 29 30 31 32))
(cx-gui-do cx-activate-item "Surface Report Definition*Table1*Table2*Table6*List1(Surfaces)")
(cx-gui-do cx-set-list-selections "Surface Report Definition*Table1*Table2*Table6*List1(Surfaces)" '( 0 1 27 28 29 30 31 32 33))
(cx-gui-do cx-activate-item "Surface Report Definition*Table1*Table2*Table6*List1(Surfaces)")
(cx-gui-do cx-set-list-selections "Surface Report Definition*Table1*Table2*Table6*List1(Surfaces)" '( 0 1 27 28 29 30 31 32 33 34))
(cx-gui-do cx-activate-item "Surface Report Definition*Table1*Table2*Table6*List1(Surfaces)")
(cx-gui-do cx-set-text-entry "Surface Report Definition*Table1*Table1*TextEntry1(Name)" "vel_y")
(cx-gui-do cx-activate-item "Surface Report Definition*Table1*Table1*TextEntry1(Name)")
(cx-gui-do cx-activate-item "Surface Report Definition*PanelButtons*PushButton1(OK)")
(cx-gui-do cx-activate-item "Report Definitions*Table1*ButtonBox3*PushButton1(New)")
(cx-gui-do cx-activate-item "MenuBar*Surface ReportSubMenu*Area-Weighted Average...")
(cx-gui-do cx-set-text-entry "Surface Report Definition*Table1*Table1*TextEntry1(Name)" "vel_z")
(cx-gui-do cx-activate-item "Surface Report Definition*Table1*Table1*TextEntry1(Name)")
(cx-gui-do cx-set-list-selections "Surface Report Definition*Table1*Table2*Table6*List1(Surfaces)" '( 0))
(cx-gui-do cx-activate-item "Surface Report Definition*Table1*Table2*Table6*List1(Surfaces)")
(cx-gui-do cx-set-list-selections "Surface Report Definition*Table1*Table2*Table6*List1(Surfaces)" '( 0 1))
(cx-gui-do cx-activate-item "Surface Report Definition*Table1*Table2*Table6*List1(Surfaces)")
(cx-gui-do cx-set-list-selections "Surface Report Definition*Table1*Table2*Table6*List1(Surfaces)" '( 0 1 27))
(cx-gui-do cx-activate-item "Surface Report Definition*Table1*Table2*Table6*List1(Surfaces)")
(cx-gui-do cx-set-list-selections "Surface Report Definition*Table1*Table2*Table6*List1(Surfaces)" '( 0 1 27 28))
(cx-gui-do cx-activate-item "Surface Report Definition*Table1*Table2*Table6*List1(Surfaces)")
(cx-gui-do cx-set-list-selections "Surface Report Definition*Table1*Table2*Table6*List1(Surfaces)" '( 0 1 27 28 29))
(cx-gui-do cx-activate-item "Surface Report Definition*Table1*Table2*Table6*List1(Surfaces)")
(cx-gui-do cx-set-list-selections "Surface Report Definition*Table1*Table2*Table6*List1(Surfaces)" '( 0 1 27 28 29 30))
(cx-gui-do cx-activate-item "Surface Report Definition*Table1*Table2*Table6*List1(Surfaces)")
(cx-gui-do cx-set-list-selections "Surface Report Definition*Table1*Table2*Table6*List1(Surfaces)" '( 0 1 27 28 29 30 31))
(cx-gui-do cx-activate-item "Surface Report Definition*Table1*Table2*Table6*List1(Surfaces)")
(cx-gui-do cx-set-list-selections "Surface Report Definition*Table1*Table2*Table6*List1(Surfaces)" '( 0 1 27 28 29 30 31 32))
(cx-gui-do cx-activate-item "Surface Report Definition*Table1*Table2*Table6*List1(Surfaces)")
(cx-gui-do cx-set-list-selections "Surface Report Definition*Table1*Table2*Table6*List1(Surfaces)" '( 0 1 27 28 29 30 31 32 33))
(cx-gui-do cx-activate-item "Surface Report Definition*Table1*Table2*Table6*List1(Surfaces)")
(cx-gui-do cx-set-list-selections "Surface Report Definition*Table1*Table2*Table6*List1(Surfaces)" '( 0 1 27 28 29 30 31 32 33 34))
(cx-gui-do cx-activate-item "Surface Report Definition*Table1*Table2*Table6*List1(Surfaces)")
(cx-gui-do cx-set-list-selections "Surface Report Definition*Table1*Table2*DropDownList3(Field Variable)" '( 2))
(cx-gui-do cx-activate-item "Surface Report Definition*Table1*Table2*DropDownList3(Field Variable)")
(cx-gui-do cx-set-list-selections "Surface Report Definition*Table1*Table2*DropDownList4" '( 3))
(cx-gui-do cx-activate-item "Surface Report Definition*Table1*Table2*DropDownList4")
(cx-gui-do cx-activate-item "Surface Report Definition*PanelButtons*PushButton1(OK)")
(cx-gui-do cx-activate-item "Report Definitions*Table1*ButtonBox3*PushButton1(New)")
(cx-gui-do cx-activate-item "MenuBar*Surface ReportSubMenu*Area-Weighted Average...")
(cx-gui-do cx-set-text-entry "Surface Report Definition*Table1*Table1*TextEntry1(Name)" "pos_x")
(cx-gui-do cx-activate-item "Surface Report Definition*Table1*Table1*TextEntry1(Name)")
(cx-gui-do cx-set-list-selections "Surface Report Definition*Table1*Table2*Table6*List1(Surfaces)" '( 0))
(cx-gui-do cx-activate-item "Surface Report Definition*Table1*Table2*Table6*List1(Surfaces)")
(cx-gui-do cx-set-list-selections "Surface Report Definition*Table1*Table2*Table6*List1(Surfaces)" '( 0 1))
(cx-gui-do cx-activate-item "Surface Report Definition*Table1*Table2*Table6*List1(Surfaces)")
(cx-gui-do cx-set-list-selections "Surface Report Definition*Table1*Table2*Table6*List1(Surfaces)" '( 0 1 27))
(cx-gui-do cx-activate-item "Surface Report Definition*Table1*Table2*Table6*List1(Surfaces)")
(cx-gui-do cx-set-list-selections "Surface Report Definition*Table1*Table2*Table6*List1(Surfaces)" '( 0 1 27 28))
(cx-gui-do cx-activate-item "Surface Report Definition*Table1*Table2*Table6*List1(Surfaces)")
(cx-gui-do cx-set-list-selections "Surface Report Definition*Table1*Table2*Table6*List1(Surfaces)" '( 0 1 27 28 29))
(cx-gui-do cx-activate-item "Surface Report Definition*Table1*Table2*Table6*List1(Surfaces)")
(cx-gui-do cx-set-list-selections "Surface Report Definition*Table1*Table2*Table6*List1(Surfaces)" '( 0 1 27 28 29 30))
(cx-gui-do cx-activate-item "Surface Report Definition*Table1*Table2*Table6*List1(Surfaces)")
(cx-gui-do cx-set-list-selections "Surface Report Definition*Table1*Table2*Table6*List1(Surfaces)" '( 0 1 27 28 29 30 31))
(cx-gui-do cx-activate-item "Surface Report Definition*Table1*Table2*Table6*List1(Surfaces)")
(cx-gui-do cx-set-list-selections "Surface Report Definition*Table1*Table2*Table6*List1(Surfaces)" '( 0 1 27 28 29 30 31 32))
(cx-gui-do cx-activate-item "Surface Report Definition*Table1*Table2*Table6*List1(Surfaces)")
(cx-gui-do cx-set-list-selections "Surface Report Definition*Table1*Table2*Table6*List1(Surfaces)" '( 0 1 27 28 29 30 31 32 33))
(cx-gui-do cx-activate-item "Surface Report Definition*Table1*Table2*Table6*List1(Surfaces)")
(cx-gui-do cx-set-list-selections "Surface Report Definition*Table1*Table2*Table6*List1(Surfaces)" '( 0 1 27 28 29 30 31 32 33 34))
(cx-gui-do cx-activate-item "Surface Report Definition*Table1*Table2*Table6*List1(Surfaces)")
(cx-gui-do cx-set-list-selections "Surface Report Definition*Table1*Table2*DropDownList3(Field Variable)" '( 7))
(cx-gui-do cx-activate-item "Surface Report Definition*Table1*Table2*DropDownList3(Field Variable)")
(cx-gui-do cx-activate-item "Surface Report Definition*PanelButtons*PushButton1(OK)")
(cx-gui-do cx-activate-item "Report Definitions*Table1*ButtonBox3*PushButton1(New)")
(cx-gui-do cx-activate-item "MenuBar*Surface ReportSubMenu*Area-Weighted Average...")
(cx-gui-do cx-set-text-entry "Surface Report Definition*Table1*Table1*TextEntry1(Name)" "pos_y")
(cx-gui-do cx-activate-item "Surface Report Definition*Table1*Table1*TextEntry1(Name)")
(cx-gui-do cx-set-list-selections "Surface Report Definition*Table1*Table2*DropDownList3(Field Variable)" '( 7))
(cx-gui-do cx-activate-item "Surface Report Definition*Table1*Table2*DropDownList3(Field Variable)")
(cx-gui-do cx-set-list-selections "Surface Report Definition*Table1*Table2*DropDownList4" '( 1))
(cx-gui-do cx-activate-item "Surface Report Definition*Table1*Table2*DropDownList4")
(cx-gui-do cx-set-list-selections "Surface Report Definition*Table1*Table2*Table6*List1(Surfaces)" '( 0))
(cx-gui-do cx-activate-item "Surface Report Definition*Table1*Table2*Table6*List1(Surfaces)")
(cx-gui-do cx-set-list-selections "Surface Report Definition*Table1*Table2*Table6*List1(Surfaces)" '( 0 1))
(cx-gui-do cx-activate-item "Surface Report Definition*Table1*Table2*Table6*List1(Surfaces)")
(cx-gui-do cx-set-list-selections "Surface Report Definition*Table1*Table2*Table6*List1(Surfaces)" '( 0 1))
(cx-gui-do cx-set-list-selections "Surface Report Definition*Table1*Table2*Table6*List1(Surfaces)" '( 0 1))
(cx-gui-do cx-set-list-selections "Surface Report Definition*Table1*Table2*Table6*List1(Surfaces)" '( 0 1 27))
(cx-gui-do cx-activate-item "Surface Report Definition*Table1*Table2*Table6*List1(Surfaces)")
(cx-gui-do cx-set-list-selections "Surface Report Definition*Table1*Table2*Table6*List1(Surfaces)" '( 0 1 27 28))
(cx-gui-do cx-activate-item "Surface Report Definition*Table1*Table2*Table6*List1(Surfaces)")
(cx-gui-do cx-set-list-selections "Surface Report Definition*Table1*Table2*Table6*List1(Surfaces)" '( 0 1 27 28 29))
(cx-gui-do cx-activate-item "Surface Report Definition*Table1*Table2*Table6*List1(Surfaces)")
(cx-gui-do cx-set-list-selections "Surface Report Definition*Table1*Table2*Table6*List1(Surfaces)" '( 0 1 27 28 29 30))
(cx-gui-do cx-activate-item "Surface Report Definition*Table1*Table2*Table6*List1(Surfaces)")
(cx-gui-do cx-set-list-selections "Surface Report Definition*Table1*Table2*Table6*List1(Surfaces)" '( 0 1 27 28 29 30 31))
(cx-gui-do cx-activate-item "Surface Report Definition*Table1*Table2*Table6*List1(Surfaces)")
(cx-gui-do cx-set-list-selections "Surface Report Definition*Table1*Table2*Table6*List1(Surfaces)" '( 0 1 27 28 29 30 31 32))
(cx-gui-do cx-activate-item "Surface Report Definition*Table1*Table2*Table6*List1(Surfaces)")
(cx-gui-do cx-set-list-selections "Surface Report Definition*Table1*Table2*Table6*List1(Surfaces)" '( 0 1 27 28 29 30 31 32 33))
(cx-gui-do cx-activate-item "Surface Report Definition*Table1*Table2*Table6*List1(Surfaces)")
(cx-gui-do cx-set-list-selections "Surface Report Definition*Table1*Table2*Table6*List1(Surfaces)" '( 0 1 27 28 29 30 31 32 33 34))
(cx-gui-do cx-activate-item "Surface Report Definition*Table1*Table2*Table6*List1(Surfaces)")
(cx-gui-do cx-activate-item "Surface Report Definition*PanelButtons*PushButton1(OK)")
(cx-gui-do cx-activate-item "Report Definitions*Table1*ButtonBox3*PushButton1(New)")
(cx-gui-do cx-activate-item "MenuBar*Surface ReportSubMenu*Area-Weighted Average...")
(cx-gui-do cx-set-text-entry "Surface Report Definition*Table1*Table1*TextEntry1(Name)" "pos_z")
(cx-gui-do cx-activate-item "Surface Report Definition*Table1*Table1*TextEntry1(Name)")
(cx-gui-do cx-set-list-selections "Surface Report Definition*Table1*Table2*Table6*List1(Surfaces)" '( 0))
(cx-gui-do cx-activate-item "Surface Report Definition*Table1*Table2*Table6*List1(Surfaces)")
(cx-gui-do cx-set-list-selections "Surface Report Definition*Table1*Table2*Table6*List1(Surfaces)" '( 0 1))
(cx-gui-do cx-activate-item "Surface Report Definition*Table1*Table2*Table6*List1(Surfaces)")
(cx-gui-do cx-set-list-selections "Surface Report Definition*Table1*Table2*Table6*List1(Surfaces)" '( 0 1 28))
(cx-gui-do cx-activate-item "Surface Report Definition*Table1*Table2*Table6*List1(Surfaces)")
(cx-gui-do cx-set-list-selections "Surface Report Definition*Table1*Table2*Table6*List1(Surfaces)" '( 0 1 27 28))
(cx-gui-do cx-activate-item "Surface Report Definition*Table1*Table2*Table6*List1(Surfaces)")
(cx-gui-do cx-set-list-selections "Surface Report Definition*Table1*Table2*Table6*List1(Surfaces)" '( 0 1 27 28 29))
(cx-gui-do cx-activate-item "Surface Report Definition*Table1*Table2*Table6*List1(Surfaces)")
(cx-gui-do cx-set-list-selections "Surface Report Definition*Table1*Table2*Table6*List1(Surfaces)" '( 0 1 27 28 29))
(cx-gui-do cx-set-list-selections "Surface Report Definition*Table1*Table2*Table6*List1(Surfaces)" '( 0 1 27 28 29))
(cx-gui-do cx-set-list-selections "Surface Report Definition*Table1*Table2*Table6*List1(Surfaces)" '( 0 1 27 28 29 30))
(cx-gui-do cx-activate-item "Surface Report Definition*Table1*Table2*Table6*List1(Surfaces)")
(cx-gui-do cx-set-list-selections "Surface Report Definition*Table1*Table2*Table6*List1(Surfaces)" '( 0 1 27 28 29 30 31))
(cx-gui-do cx-activate-item "Surface Report Definition*Table1*Table2*Table6*List1(Surfaces)")
(cx-gui-do cx-set-list-selections "Surface Report Definition*Table1*Table2*Table6*List1(Surfaces)" '( 0 1 27 28 29 30 31 32))
(cx-gui-do cx-activate-item "Surface Report Definition*Table1*Table2*Table6*List1(Surfaces)")
(cx-gui-do cx-set-list-selections "Surface Report Definition*Table1*Table2*Table6*List1(Surfaces)" '( 0 1 27 28 29 30 31 32 33))
(cx-gui-do cx-activate-item "Surface Report Definition*Table1*Table2*Table6*List1(Surfaces)")
(cx-gui-do cx-set-list-selections "Surface Report Definition*Table1*Table2*Table6*List1(Surfaces)" '( 0 1 27 28 29 30 31 32 33 34))
(cx-gui-do cx-activate-item "Surface Report Definition*Table1*Table2*Table6*List1(Surfaces)")
(cx-gui-do cx-set-list-selections "Surface Report Definition*Table1*Table2*DropDownList3(Field Variable)" '( 7))
(cx-gui-do cx-activate-item "Surface Report Definition*Table1*Table2*DropDownList3(Field Variable)")
(cx-gui-do cx-set-list-selections "Surface Report Definition*Table1*Table2*DropDownList4" '( 2))
(cx-gui-do cx-activate-item "Surface Report Definition*Table1*Table2*DropDownList4")
(cx-gui-do cx-activate-item "Surface Report Definition*PanelButtons*PushButton1(OK)")
(cx-gui-do cx-activate-item "Report Definitions*PanelButtons*PushButton1(Close)")

; 10 OUTPUTS: REPORT FILES 
(cx-gui-do cx-set-list-tree-selections "NavigationPane*List_Tree1" (list "Solution|Monitors|Report Files"))
(cx-gui-do cx-set-list-tree-selections "NavigationPane*List_Tree1" (list "Solution|Monitors|Report Files"))
(cx-gui-do cx-activate-item "NavigationPane*List_Tree1")
(cx-gui-do cx-set-list-tree-selections "NavigationPane*List_Tree1" (list "Solution|Monitors|Report Files"))
(cx-gui-do cx-activate-item "Report File Definitions*Table1*ButtonBox3*PushButton1(New)")
(cx-gui-do cx-set-text-entry "New Report File*Table1*Table1*TextEntry1(Name)" "force_coefficients")
(cx-gui-do cx-activate-item "New Report File*Table1*Table1*TextEntry1(Name)")
(cx-gui-do cx-set-list-selections "New Report File*Table1*List2(Available Report Definitions)" '( 3))
(cx-gui-do cx-activate-item "New Report File*Table1*List2(Available Report Definitions)")
(cx-gui-do cx-set-list-selections "New Report File*Table1*List2(Available Report Definitions)" '( 3 4))
(cx-gui-do cx-activate-item "New Report File*Table1*List2(Available Report Definitions)")
(cx-gui-do cx-set-list-selections "New Report File*Table1*List2(Available Report Definitions)" '( 3 4 5))
(cx-gui-do cx-activate-item "New Report File*Table1*List2(Available Report Definitions)")
(cx-gui-do cx-activate-item "New Report File*Table1*Table4*PushButton1( Add>>)")
(cx-gui-do cx-set-list-selections "New Report File*Table1*List2(Available Report Definitions)" '( 0))
(cx-gui-do cx-activate-item "New Report File*Table1*List2(Available Report Definitions)")
(cx-gui-do cx-set-list-selections "New Report File*Table1*List2(Available Report Definitions)" '( 0 1))
(cx-gui-do cx-activate-item "New Report File*Table1*List2(Available Report Definitions)")
(cx-gui-do cx-set-list-selections "New Report File*Table1*List2(Available Report Definitions)" '( 0 1 2))
(cx-gui-do cx-activate-item "New Report File*Table1*List2(Available Report Definitions)")
(cx-gui-do cx-activate-item "New Report File*Table1*Table4*PushButton1( Add>>)")
(cx-gui-do cx-set-text-entry "New Report File*Table1*Table6(File Name)*TextEntry1" "force_coefficients.out")
(cx-gui-do cx-activate-item "New Report File*Table1*Table6(File Name)*PushButton3(Browse)")
(cx-gui-do cx-set-file-dialog-entries "Select File" '( "./force_coefficients.out") "Output Files (*.out *.xy )")
(cx-gui-do cx-activate-item "New Report File*PanelButtons*PushButton1(OK)")

; 11 OUTPUTS: REPORT PLOTS
(cx-gui-do cx-set-list-tree-selections "NavigationPane*List_Tree1" (list "Solution|Monitors|Report Plots"))
(cx-gui-do cx-set-list-tree-selections "NavigationPane*List_Tree1" (list "Solution|Monitors|Report Plots"))
(cx-gui-do cx-activate-item "NavigationPane*List_Tree1")
(cx-gui-do cx-set-list-tree-selections "NavigationPane*List_Tree1" (list "Solution|Monitors|Report Plots"))
(cx-gui-do cx-activate-item "Report Plot Definitions*Table1*ButtonBox3*PushButton1(New)")
(cx-gui-do cx-set-list-selections "New Report Plot*Table1*List4(Available Report Definitions)" '( 3))
(cx-gui-do cx-activate-item "New Report Plot*Table1*List4(Available Report Definitions)")
(cx-gui-do cx-set-list-selections "New Report Plot*Table1*List4(Available Report Definitions)" '( 3 4))
(cx-gui-do cx-activate-item "New Report Plot*Table1*List4(Available Report Definitions)")
(cx-gui-do cx-set-list-selections "New Report Plot*Table1*List4(Available Report Definitions)" '( 3 4 5))
(cx-gui-do cx-activate-item "New Report Plot*Table1*List4(Available Report Definitions)")
(cx-gui-do cx-activate-item "New Report Plot*Table1*Table3*PushButton1( Add>>)")
(cx-gui-do cx-set-text-entry "New Report Plot*Table1*Table1*TextEntry1(Name)" "force_coefficients")
(cx-gui-do cx-activate-item "New Report Plot*Table1*Table1*TextEntry1(Name)")
(cx-gui-do cx-activate-item "New Report Plot*PanelButtons*PushButton1(OK)")
(cx-gui-do cx-activate-item "Report Plot Definitions*Table1*ButtonBox3*PushButton1(New)")
(cx-gui-do cx-set-list-selections "New Report Plot*Table1*List4(Available Report Definitions)" '( 0))
(cx-gui-do cx-activate-item "New Report Plot*Table1*List4(Available Report Definitions)")
(cx-gui-do cx-set-list-selections "New Report Plot*Table1*List4(Available Report Definitions)" '( 0 1))
(cx-gui-do cx-activate-item "New Report Plot*Table1*List4(Available Report Definitions)")
(cx-gui-do cx-set-list-selections "New Report Plot*Table1*List4(Available Report Definitions)" '( 0 1 2))
(cx-gui-do cx-activate-item "New Report Plot*Table1*List4(Available Report Definitions)")
(cx-gui-do cx-activate-item "New Report Plot*Table1*Table3*PushButton1( Add>>)")
(cx-gui-do cx-set-text-entry "New Report Plot*Table1*Table1*TextEntry1(Name)" "moment_coefficients")
(cx-gui-do cx-activate-item "New Report Plot*Table1*Table1*TextEntry1(Name)")
(cx-gui-do cx-activate-item "New Report Plot*PanelButtons*PushButton1(OK)")
(cx-gui-do cx-activate-item "Report Plot Definitions*Table1*ButtonBox3*PushButton1(New)")
(cx-gui-do cx-set-text-entry "New Report Plot*Table1*Table1*TextEntry1(Name)" "velocity")
(cx-gui-do cx-activate-item "New Report Plot*Table1*Table1*TextEntry1(Name)")
(cx-gui-do cx-set-list-selections "New Report Plot*Table1*List4(Available Report Definitions)" '( 12))
(cx-gui-do cx-activate-item "New Report Plot*Table1*List4(Available Report Definitions)")
(cx-gui-do cx-set-list-selections "New Report Plot*Table1*List4(Available Report Definitions)" '( 12 13))
(cx-gui-do cx-activate-item "New Report Plot*Table1*List4(Available Report Definitions)")
(cx-gui-do cx-set-list-selections "New Report Plot*Table1*List4(Available Report Definitions)" '( 12 13 14))
(cx-gui-do cx-activate-item "New Report Plot*Table1*List4(Available Report Definitions)")
(cx-gui-do cx-set-list-selections "New Report Plot*Table1*List4(Available Report Definitions)" '( 12 13 14 15))
(cx-gui-do cx-activate-item "New Report Plot*Table1*List4(Available Report Definitions)")
(cx-gui-do cx-activate-item "New Report Plot*Table1*Table3*PushButton1( Add>>)")
(cx-gui-do cx-activate-item "New Report Plot*PanelButtons*PushButton1(OK)")
(cx-gui-do cx-activate-item "Report Plot Definitions*Table1*ButtonBox3*PushButton1(New)")
(cx-gui-do cx-set-text-entry "New Report Plot*Table1*Table1*TextEntry1(Name)" "position")
(cx-gui-do cx-activate-item "New Report Plot*Table1*Table1*TextEntry1(Name)")
(cx-gui-do cx-set-list-selections "New Report Plot*Table1*List4(Available Report Definitions)" '( 9))
(cx-gui-do cx-activate-item "New Report Plot*Table1*List4(Available Report Definitions)")
(cx-gui-do cx-set-list-selections "New Report Plot*Table1*List4(Available Report Definitions)" '( 9 10))
(cx-gui-do cx-activate-item "New Report Plot*Table1*List4(Available Report Definitions)")
(cx-gui-do cx-set-list-selections "New Report Plot*Table1*List4(Available Report Definitions)" '( 9 10 11))
(cx-gui-do cx-activate-item "New Report Plot*Table1*List4(Available Report Definitions)")
(cx-gui-do cx-activate-item "New Report Plot*Table1*Table3*PushButton1( Add>>)")
(cx-gui-do cx-activate-item "New Report Plot*PanelButtons*PushButton1(OK)")
(cx-gui-do cx-activate-item "Report Plot Definitions*PanelButtons*PushButton1(Close)")
(cx-gui-do cx-activate-item "Report File Definitions*PanelButtons*PushButton1(Close)")

; 12 OUTPUTS: SOLUTION ANIMATIONS [REDO]
(cx-gui-do cx-set-list-tree-selections "NavigationPane*List_Tree1" (list "Results|Graphics|Contours"))
(cx-gui-do cx-set-list-tree-selections "NavigationPane*List_Tree1" (list "Results|Graphics|Contours"))
(cx-gui-do cx-activate-item "NavigationPane*List_Tree1")
(cx-gui-do cx-set-list-tree-selections "NavigationPane*List_Tree1" (list "Results|Graphics|Contours"))
(cx-gui-do cx-set-list-selections "Contours*Table1*Frame3*Table1*DropDownList1(Contours of)" '( 2))
(cx-gui-do cx-activate-item "Contours*Table1*Frame3*Table1*DropDownList1(Contours of)")
(cx-gui-do cx-activate-item "Contours*PanelButtons*PushButton2(Cancel)")
(cx-gui-do cx-activate-item "Ribbon*Frame1*Frame2(Domain)*Table1*Table3(Surface)*PushButton1(Create)")
(cx-gui-do cx-activate-item "MenuBar*PopupMenuCreate*Plane...")
(cx-gui-do cx-set-list-tree-selections "NavigationPane*List_Tree1" (list ))
(cx-gui-do cx-set-list-selections "Plane Surface*Table1*Table2(Method)*DropDownList1" '( 1))
(cx-gui-do cx-activate-item "Plane Surface*Table1*Table2(Method)*DropDownList1")
(cx-gui-do cx-set-text-entry "Plane Surface*Table1*Table1*TextEntry1(New Surface Name)" "zxplane")
(cx-gui-do cx-activate-item "Plane Surface*PanelButtons*PushButton1(OK)")
(cx-gui-do cx-activate-item "Plane Surface*PanelButtons*PushButton2(Cancel)")
(cx-gui-do cx-set-list-tree-selections "NavigationPane*List_Tree1" (list "Results|Graphics|Contours"))
(cx-gui-do cx-set-list-tree-selections "NavigationPane*List_Tree1" (list "Results|Graphics|Contours"))
(cx-gui-do cx-activate-item "NavigationPane*List_Tree1")
(cx-gui-do cx-set-list-tree-selections "NavigationPane*List_Tree1" (list "Results|Graphics|Contours"))
(cx-gui-do cx-set-list-selections "Contours*Table1*Frame3*Frame2*List2(Surfaces)" '())
(cx-gui-do cx-set-list-selections "Contours*Table1*Frame3*Frame2*List2(Surfaces)" '())
(cx-gui-do cx-set-list-selections "Contours*Table1*Frame3*Frame2*List2(Surfaces)" '( 35))
(cx-gui-do cx-activate-item "Contours*Table1*Frame3*Frame2*List2(Surfaces)")
(cx-gui-do cx-activate-item "Contours*PanelButtons*PushButton1(OK)")
(cx-use-window-id 51)
(cx-gui-do cx-set-text-entry "Contours*Table1*TextEntry2(Contour Name)" "velocity")
(cx-gui-do cx-activate-item "Contours*PanelButtons*PushButton1(OK)")
(cx-gui-do cx-activate-item "Contours*PanelButtons*PushButton2(Cancel)")
(cx-gui-do cx-set-list-tree-selections "NavigationPane*List_Tree1" (list "Solution|Calculation Activities|Solution Animations"))
(cx-gui-do cx-set-list-tree-selections "NavigationPane*List_Tree1" (list "Solution|Calculation Activities|Solution Animations"))
(cx-gui-do cx-activate-item "NavigationPane*List_Tree1")
(cx-gui-do cx-set-list-tree-selections "NavigationPane*List_Tree1" (list "Solution|Calculation Activities|Solution Animations"))
(cx-gui-do cx-set-list-selections "Animation Definition*Table2*DropDownList5" '( 4))
(cx-gui-do cx-activate-item "Animation Definition*Table2*DropDownList5")
(cx-gui-do cx-set-list-selections "Animation Definition*List3(Animation Object)" '( 3))
(cx-gui-do cx-activate-item "Animation Definition*List3(Animation Object)")
(cx-gui-do cx-set-list-selections "Animation Definition*List3(Animation Object)" '( 1))
(cx-gui-do cx-activate-item "Animation Definition*List3(Animation Object)")
(cx-gui-do cx-set-text-entry "Animation Definition*TextEntry1(Name:)" "velocity")
(cx-gui-do cx-activate-item "Animation Definition*Table2*PushButton12(Use Active)")
(cx-gui-do cx-activate-item "Animation Definition*PanelButtons*PushButton1(OK)")
(cx-gui-do cx-set-list-tree-selections "NavigationPane*List_Tree1" (list "Results|Graphics|Contours"))
(cx-gui-do cx-set-list-tree-selections "NavigationPane*List_Tree1" (list "Results|Graphics|Contours"))
(cx-gui-do cx-activate-item "NavigationPane*List_Tree1")
(cx-gui-do cx-set-list-tree-selections "NavigationPane*List_Tree1" (list "Results|Graphics|Contours"))
(cx-gui-do cx-set-list-selections "Contours*Table1*Frame3*Table1*DropDownList1(Contours of)" '( 0))
(cx-gui-do cx-activate-item "Contours*Table1*Frame3*Table1*DropDownList1(Contours of)")
(cx-gui-do cx-set-list-selections "Contours*Table1*Frame3*Frame2*List2(Surfaces)" '( 0))
(cx-gui-do cx-activate-item "Contours*Table1*Frame3*Frame2*List2(Surfaces)")
(cx-gui-do cx-set-list-selections "Contours*Table1*Frame3*Frame2*List2(Surfaces)" '( 0))
(cx-gui-do cx-set-list-selections "Contours*Table1*Frame3*Frame2*List2(Surfaces)" '( 0))
(cx-gui-do cx-set-list-selections "Contours*Table1*Frame3*Frame2*List2(Surfaces)" '( 0 1))
(cx-gui-do cx-activate-item "Contours*Table1*Frame3*Frame2*List2(Surfaces)")
(cx-gui-do cx-set-list-selections "Contours*Table1*Frame3*Frame2*List2(Surfaces)" '( 0 1 27))
(cx-gui-do cx-activate-item "Contours*Table1*Frame3*Frame2*List2(Surfaces)")
(cx-gui-do cx-set-list-selections "Contours*Table1*Frame3*Frame2*List2(Surfaces)" '( 0 1 27 28))
(cx-gui-do cx-activate-item "Contours*Table1*Frame3*Frame2*List2(Surfaces)")
(cx-gui-do cx-set-list-selections "Contours*Table1*Frame3*Frame2*List2(Surfaces)" '( 0 1 27 28 29))
(cx-gui-do cx-activate-item "Contours*Table1*Frame3*Frame2*List2(Surfaces)")
(cx-gui-do cx-set-list-selections "Contours*Table1*Frame3*Frame2*List2(Surfaces)" '( 0 1 27 28 29 30))
(cx-gui-do cx-activate-item "Contours*Table1*Frame3*Frame2*List2(Surfaces)")
(cx-gui-do cx-set-list-selections "Contours*Table1*Frame3*Frame2*List2(Surfaces)" '( 0 1 27 28 29 30 31))
(cx-gui-do cx-activate-item "Contours*Table1*Frame3*Frame2*List2(Surfaces)")
(cx-gui-do cx-set-list-selections "Contours*Table1*Frame3*Frame2*List2(Surfaces)" '( 0 1 27 28 29 30 31 32))
(cx-gui-do cx-activate-item "Contours*Table1*Frame3*Frame2*List2(Surfaces)")
(cx-gui-do cx-set-list-selections "Contours*Table1*Frame3*Frame2*List2(Surfaces)" '( 0 1 27 28 29 30 31 32 33))
(cx-gui-do cx-activate-item "Contours*Table1*Frame3*Frame2*List2(Surfaces)")
(cx-gui-do cx-set-list-selections "Contours*Table1*Frame3*Frame2*List2(Surfaces)" '( 0 1 27 28 29 30 31 32 33 34))
(cx-gui-do cx-activate-item "Contours*Table1*Frame3*Frame2*List2(Surfaces)")
(cx-gui-do cx-activate-item "Contours*PanelButtons*PushButton1(OK)")
(cx-gui-do cx-activate-item "Contours*PanelButtons*PushButton2(Cancel)")
(cx-gui-do cx-set-list-tree-selections "NavigationPane*List_Tree1" (list "Solution|Calculation Activities|Solution Animations"))
(cx-gui-do cx-set-list-tree-selections "NavigationPane*List_Tree1" (list "Solution|Calculation Activities|Solution Animations"))
(cx-gui-do cx-activate-item "NavigationPane*List_Tree1")
(cx-gui-do cx-set-list-tree-selections "NavigationPane*List_Tree1" (list "Solution|Calculation Activities|Solution Animations"))
(cx-gui-do cx-set-text-entry "Animation Definition*TextEntry1(Name:)" "pressure_animation")
(cx-gui-do cx-set-list-selections "Animation Definition*Table2*DropDownList5" '( 4))
(cx-gui-do cx-activate-item "Animation Definition*Table2*DropDownList5")
(cx-gui-do cx-set-list-selections "Animation Definition*List3(Animation Object)" '( 1))
(cx-gui-do cx-activate-item "Animation Definition*List3(Animation Object)")
(cx-gui-do cx-activate-item "Animation Definition*Table2*PushButton12(Use Active)")
(cx-gui-do cx-activate-item "Animation Definition*PanelButtons*PushButton1(OK)")
(cx-gui-do cx-set-list-tree-selections "NavigationPane*List_Tree1" (list "Solution|Calculation Activities|Solution Animations|animation-1"))
(cx-gui-do cx-set-list-tree-selections "NavigationPane*List_Tree1" (list "Solution|Calculation Activities|Solution Animations|animation-1"))
(cx-gui-do cx-activate-item "NavigationPane*List_Tree1")
(cx-gui-do cx-set-list-tree-selections "NavigationPane*List_Tree1" (list "Solution|Calculation Activities|Solution Animations|animation-1"))
(cx-gui-do cx-activate-item "Animation Definition*Table2*PushButton11(Preview)")
(cx-gui-do cx-set-text-entry "Animation Definition*TextEntry1(Name:)" "velociry_contour")
(cx-gui-do cx-activate-item "Animation Definition*PanelButtons*PushButton1(OK)")
(cx-gui-do cx-set-list-tree-selections "NavigationPane*List_Tree1" (list "Solution|Calculation Activities|Solution Animations|velociry_contour"))
(cx-gui-do cx-list-tree-right-click "NavigationPane*List_Tree1" )
(cx-gui-do cx-activate-item "MenuBar*PopupMenuTree-velociry_contour*Edit...")
(cx-gui-do cx-set-text-entry "Animation Definition*TextEntry1(Name:)" "velocity_contour")
(cx-gui-do cx-activate-item "Animation Definition*PanelButtons*PushButton1(OK)")
(cx-gui-do cx-set-list-tree-selections "NavigationPane*List_Tree1" (list "Solution|Calculation Activities|Solution Animations|velocity_contour"))
(cx-gui-do cx-set-list-tree-selections "NavigationPane*List_Tree1" (list "Solution|Calculation Activities|Solution Animations|velocity_contour"))
(cx-gui-do cx-activate-item "NavigationPane*List_Tree1")
(cx-gui-do cx-set-list-tree-selections "NavigationPane*List_Tree1" (list "Solution|Calculation Activities|Solution Animations|velocity_contour"))
(cx-gui-do cx-activate-item "Animation Definition*PanelButtons*PushButton2(Cancel)")
(cx-gui-do cx-set-list-tree-selections "NavigationPane*List_Tree1" (list "Results|Graphics|Contours|contour-1"))
(cx-gui-do cx-set-list-tree-selections "NavigationPane*List_Tree1" (list "Results|Graphics|Contours|contour-1"))
(cx-gui-do cx-activate-item "NavigationPane*List_Tree1")
(cx-gui-do cx-set-list-tree-selections "NavigationPane*List_Tree1" (list "Results|Graphics|Contours|contour-1"))
(cx-gui-do cx-set-toggle-button2 "Contours*Table1*Frame1*ToggleBox1(Options)*CheckButton5(Global Range)" #f)
(cx-gui-do cx-activate-item "Contours*Table1*Frame1*ToggleBox1(Options)*CheckButton5(Global Range)")
(cx-gui-do cx-activate-item "Contours*PanelButtons*PushButton1(OK)")
(cx-gui-do cx-activate-item "Contours*PanelButtons*PushButton2(Cancel)")
(cx-gui-do cx-set-list-tree-selections "NavigationPane*List_Tree1" (list "Solution|Calculation Activities|Solution Animations|velocity_contour"))
(cx-gui-do cx-set-list-tree-selections "NavigationPane*List_Tree1" (list "Solution|Calculation Activities|Solution Animations|velocity_contour"))
(cx-gui-do cx-activate-item "NavigationPane*List_Tree1")
(cx-gui-do cx-set-list-tree-selections "NavigationPane*List_Tree1" (list "Solution|Calculation Activities|Solution Animations|velocity_contour"))
(cx-gui-do cx-activate-item "Animation Definition*PanelButtons*PushButton2(Cancel)")
(cx-gui-do cx-set-list-tree-selections "NavigationPane*List_Tree1" (list "Results|Graphics|Contours|contour-2"))
(cx-gui-do cx-set-list-tree-selections "NavigationPane*List_Tree1" (list "Results|Graphics|Contours|contour-2"))
(cx-gui-do cx-activate-item "NavigationPane*List_Tree1")
(cx-gui-do cx-set-list-tree-selections "NavigationPane*List_Tree1" (list "Results|Graphics|Contours|contour-2"))
(cx-gui-do cx-set-toggle-button2 "Contours*Table1*Frame1*ToggleBox1(Options)*CheckButton5(Global Range)" #f)
(cx-gui-do cx-activate-item "Contours*Table1*Frame1*ToggleBox1(Options)*CheckButton5(Global Range)")
(cx-gui-do cx-activate-item "Contours*PanelButtons*PushButton1(OK)")
(cx-gui-do cx-activate-item "Contours*PanelButtons*PushButton2(Cancel)")
(cx-gui-do cx-set-list-tree-selections "NavigationPane*List_Tree1" (list "Solution|Calculation Activities|Solution Animations|pressure_animation"))
(cx-gui-do cx-set-list-tree-selections "NavigationPane*List_Tree1" (list "Solution|Calculation Activities|Solution Animations|pressure_animation"))
(cx-gui-do cx-activate-item "NavigationPane*List_Tree1")
(cx-gui-do cx-set-list-tree-selections "NavigationPane*List_Tree1" (list "Solution|Calculation Activities|Solution Animations|pressure_animation"))
(cx-gui-do cx-activate-item "Animation Definition*Table2*PushButton11(Preview)")
(cx-gui-do cx-activate-item "Animation Definition*PanelButtons*PushButton2(Cancel)")
(cx-gui-do cx-set-list-tree-selections "NavigationPane*List_Tree1" (list "Solution|Calculation Activities|Solution Animations|velocity_contour"))
(cx-gui-do cx-set-list-tree-selections "NavigationPane*List_Tree1" (list "Solution|Calculation Activities|Solution Animations|velocity_contour"))
(cx-gui-do cx-activate-item "NavigationPane*List_Tree1")
(cx-gui-do cx-set-list-tree-selections "NavigationPane*List_Tree1" (list "Solution|Calculation Activities|Solution Animations|velocity_contour"))
(cx-gui-do cx-set-list-tree-selections "NavigationPane*List_Tree1" (list "Solution|Calculation Activities|Solution Animations|velocity_contour"))
(cx-gui-do cx-activate-item "Animation Definition*Table2*PushButton11(Preview)")
(cx-gui-do cx-activate-item "Animation Definition*PanelButtons*PushButton2(Cancel)")
(cx-gui-do cx-set-list-tree-selections "NavigationPane*List_Tree1" (list "Solution|Calculation Activities|Autosave (Every Time Steps)"))
(cx-gui-do cx-set-list-tree-selections "NavigationPane*List_Tree1" (list "Solution|Calculation Activities|Autosave (Every Time Steps)"))
(cx-gui-do cx-activate-item "NavigationPane*List_Tree1")
(cx-gui-do cx-set-list-tree-selections "NavigationPane*List_Tree1" (list "Solution|Calculation Activities|Autosave (Every Time Steps)"))
(cx-gui-do cx-activate-item "Autosave*PanelButtons*PushButton2(Cancel)")

; 13: OUTPUTS: EXPORTS 
(cx-gui-do cx-set-list-tree-selections "NavigationPane*List_Tree1" (list "Solution|Calculation Activities"))
(cx-gui-do cx-set-list-tree-selections "NavigationPane*List_Tree1" (list "Solution|Calculation Activities"))
(cx-gui-do cx-activate-item "NavigationPane*List_Tree1")
(cx-gui-do cx-set-list-tree-selections "NavigationPane*List_Tree1" (list "Solution|Calculation Activities"))
(cx-gui-do cx-activate-item "Calculation Activities*ButtonBox4*PushButton1(Create)")
(cx-gui-do cx-activate-item "MenuBar*PopupMenuAutomaticExport*Solution Data Export...")
(cx-gui-do cx-set-list-selections "Automatic Export*Table1*Table2*DropDownList1(File Type)" '( 1))
(cx-gui-do cx-activate-item "Automatic Export*Table1*Table2*DropDownList1(File Type)")
(cx-gui-do cx-set-toggle-button2 "Automatic Export*Table1*Table2*ToggleBox7(Delimiter)*Comma" #t)
(cx-gui-do cx-activate-item "Automatic Export*Table1*Table2*ToggleBox7(Delimiter)*Comma")
(cx-gui-do cx-set-list-selections "Automatic Export*Table1*Table5*List1(Quantities)" '( 0))
(cx-gui-do cx-activate-item "Automatic Export*Table1*Table5*List1(Quantities)")
(cx-gui-do cx-set-list-selections "Automatic Export*Table1*Table5*List1(Quantities)" '( 0 1))
(cx-gui-do cx-activate-item "Automatic Export*Table1*Table5*List1(Quantities)")
(cx-gui-do cx-activate-item "Automatic Export*Table1*Table8*Table1*PushButton2(Browse)")
(cx-gui-do cx-set-file-dialog-entries "Select File" '( "./Results/simulation") "ASCII Files ()")
(cx-gui-do cx-set-text-entry "Automatic Export*Table1*Table8*Table1*TextEntry1(File Name)" "./Results/")
(cx-gui-do cx-set-text-entry "Automatic Export*Table1*TextEntry1(Name)" "pressure_wing")
(cx-gui-do cx-set-text-entry "Automatic Export*Table1*Table8*Table1*TextEntry1(File Name)" "./Results/pressure_wing")
(cx-gui-do cx-set-list-selections "Automatic Export*Table1*List4(Surfaces)" '())
(cx-gui-do cx-set-list-selections "Automatic Export*Table1*List4(Surfaces)" '())
(cx-gui-do cx-set-list-selections "Automatic Export*Table1*List4(Surfaces)" '( 30))
(cx-gui-do cx-activate-item "Automatic Export*Table1*List4(Surfaces)")
(cx-gui-do cx-activate-item "Automatic Export*PanelButtons*PushButton1(OK)")
(cx-gui-do cx-activate-item "Calculation Activities*ButtonBox4*PushButton1(Create)")
(cx-gui-do cx-activate-item "MenuBar*PopupMenuAutomaticExport*Solution Data Export...")
(cx-gui-do cx-set-text-entry "Automatic Export*Table1*TextEntry1(Name)" "pressure_wingcut_left")
(cx-gui-do cx-set-text-entry "Automatic Export*Table1*Table8*Table1*TextEntry1(File Name)" "./Results/pressure_wingcut_left")

(cx-gui-do cx-set-list-selections "Automatic Export*Table1*Table2*DropDownList1(File Type)" '( 1))
(cx-gui-do cx-activate-item "Automatic Export*Table1*Table2*DropDownList1(File Type)")
(cx-gui-do cx-set-toggle-button2 "Automatic Export*Table1*Table2*ToggleBox7(Delimiter)*Comma" #t)
(cx-gui-do cx-activate-item "Automatic Export*Table1*Table2*ToggleBox7(Delimiter)*Comma")
(cx-gui-do cx-set-list-selections "Automatic Export*Table1*List4(Surfaces)" '( 31))
(cx-gui-do cx-activate-item "Automatic Export*Table1*List4(Surfaces)")
(cx-gui-do cx-activate-item "Automatic Export*PanelButtons*PushButton1(OK)")
(cx-gui-do cx-activate-item "Calculation Activities*ButtonBox4*PushButton1(Create)")
(cx-gui-do cx-activate-item "MenuBar*PopupMenuAutomaticExport*Solution Data Export...")
(cx-gui-do cx-set-text-entry "Automatic Export*Table1*TextEntry1(Name)" "pressure_wingcut_right")
(cx-gui-do cx-set-list-selections "Automatic Export*Table1*Table2*DropDownList1(File Type)" '( 1))
(cx-gui-do cx-activate-item "Automatic Export*Table1*Table2*DropDownList1(File Type)")
(cx-gui-do cx-set-toggle-button2 "Automatic Export*Table1*Table2*ToggleBox7(Delimiter)*Comma" #t)
(cx-gui-do cx-activate-item "Automatic Export*Table1*Table2*ToggleBox7(Delimiter)*Comma")
(cx-gui-do cx-set-text-entry "Automatic Export*Table1*Table8*Table1*TextEntry1(File Name)" "./Results/pressure_wingcut_right")

(cx-gui-do cx-set-list-selections "Automatic Export*Table1*List4(Surfaces)" '( 32))
(cx-gui-do cx-activate-item "Automatic Export*Table1*List4(Surfaces)")
(cx-gui-do cx-activate-item "Automatic Export*PanelButtons*PushButton1(OK)")
(cx-gui-do cx-activate-item "Calculation Activities*ButtonBox4*PushButton1(Create)")
(cx-gui-do cx-activate-item "MenuBar*PopupMenuAutomaticExport*Solution Data Export...")
(cx-gui-do cx-set-text-entry "Automatic Export*Table1*TextEntry1(Name)" "pressure_wingtip_left")
(cx-gui-do cx-set-list-selections "Automatic Export*Table1*Table2*DropDownList1(File Type)" '( 1))
(cx-gui-do cx-activate-item "Automatic Export*Table1*Table2*DropDownList1(File Type)")
(cx-gui-do cx-set-toggle-button2 "Automatic Export*Table1*Table2*ToggleBox7(Delimiter)*Comma" #t)
(cx-gui-do cx-activate-item "Automatic Export*Table1*Table2*ToggleBox7(Delimiter)*Comma")
(cx-gui-do cx-set-text-entry "Automatic Export*Table1*Table8*Table1*TextEntry1(File Name)" "./Results/pressure_wingtip_left")

(cx-gui-do cx-set-list-selections "Automatic Export*Table1*List4(Surfaces)" '( 33))
(cx-gui-do cx-activate-item "Automatic Export*Table1*List4(Surfaces)")
(cx-gui-do cx-activate-item "Automatic Export*PanelButtons*PushButton1(OK)")
(cx-gui-do cx-activate-item "Calculation Activities*ButtonBox4*PushButton1(Create)")
(cx-gui-do cx-activate-item "MenuBar*PopupMenuAutomaticExport*Solution Data Export...")
(cx-gui-do cx-set-text-entry "Automatic Export*Table1*TextEntry1(Name)" "pressure_wingtip_right")
(cx-gui-do cx-set-list-selections "Automatic Export*Table1*Table2*DropDownList1(File Type)" '( 1))
(cx-gui-do cx-activate-item "Automatic Export*Table1*Table2*DropDownList1(File Type)")
(cx-gui-do cx-set-toggle-button2 "Automatic Export*Table1*Table2*ToggleBox5(Location)*Cell Center" #t)
(cx-gui-do cx-activate-item "Automatic Export*Table1*Table2*ToggleBox5(Location)*Cell Center")
(cx-gui-do cx-set-text-entry "Automatic Export*Table1*Table8*Table1*TextEntry1(File Name)" "./Results/pressure_wingtip_right")

(cx-gui-do cx-set-list-selections "Automatic Export*Table1*List4(Surfaces)" '( 34))
(cx-gui-do cx-activate-item "Automatic Export*Table1*List4(Surfaces)")
(cx-gui-do cx-activate-item "Automatic Export*PanelButtons*PushButton1(OK)")
(cx-gui-do cx-activate-item "Calculation Activities*ButtonBox4*PushButton1(Create)")
(cx-gui-do cx-activate-item "MenuBar*PopupMenuAutomaticExport*Solution Data Export...")
(cx-gui-do cx-set-text-entry "Automatic Export*Table1*TextEntry1(Name)" "pressure_aileron_left")
(cx-gui-do cx-set-list-selections "Automatic Export*Table1*Table2*DropDownList1(File Type)" '( 1))
(cx-gui-do cx-activate-item "Automatic Export*Table1*Table2*DropDownList1(File Type)")
(cx-gui-do cx-set-toggle-button2 "Automatic Export*Table1*Table2*ToggleBox7(Delimiter)*Comma" #t)
(cx-gui-do cx-activate-item "Automatic Export*Table1*Table2*ToggleBox7(Delimiter)*Comma")
(cx-gui-do cx-set-text-entry "Automatic Export*Table1*Table8*Table1*TextEntry1(File Name)" "./Results/pressure_aileron_left")

(cx-gui-do cx-set-list-selections "Automatic Export*Table1*List4(Surfaces)" '( 0))
(cx-gui-do cx-activate-item "Automatic Export*Table1*List4(Surfaces)")
(cx-gui-do cx-activate-item "Automatic Export*PanelButtons*PushButton1(OK)")
(cx-gui-do cx-activate-item "Calculation Activities*ButtonBox4*PushButton1(Create)")
(cx-gui-do cx-activate-item "MenuBar*PopupMenuAutomaticExport*Solution Data Export...")
(cx-gui-do cx-set-text-entry "Automatic Export*Table1*TextEntry1(Name)" "pressure_aileron_right")
(cx-gui-do cx-set-list-selections "Automatic Export*Table1*Table2*DropDownList1(File Type)" '( 1))
(cx-gui-do cx-activate-item "Automatic Export*Table1*Table2*DropDownList1(File Type)")
(cx-gui-do cx-set-toggle-button2 "Automatic Export*Table1*Table2*ToggleBox7(Delimiter)*Comma" #t)
(cx-gui-do cx-activate-item "Automatic Export*Table1*Table2*ToggleBox7(Delimiter)*Comma")
(cx-gui-do cx-set-text-entry "Automatic Export*Table1*Table8*Table1*TextEntry1(File Name)" "./Results/pressure_aileron_right")

(cx-gui-do cx-activate-item "Automatic Export*PanelButtons*PushButton1(OK)")
(cx-gui-do cx-set-list-selections "Calculation Activities*List2(Automatic Export)" '( 6))
(cx-gui-do cx-activate-item "Calculation Activities*List2(Automatic Export)")
(cx-gui-do cx-activate-item "Calculation Activities*ButtonBox4*PushButton2(Edit)")
(cx-gui-do cx-set-list-selections "Automatic Export*Table1*List4(Surfaces)" '( 1))
(cx-gui-do cx-activate-item "Automatic Export*Table1*List4(Surfaces)")
(cx-gui-do cx-activate-item "Automatic Export*PanelButtons*PushButton1(OK)")
(cx-gui-do cx-activate-item "Calculation Activities*ButtonBox4*PushButton1(Create)")
(cx-gui-do cx-activate-item "MenuBar*PopupMenuAutomaticExport*Solution Data Export...")
(cx-gui-do cx-set-text-entry "Automatic Export*Table1*TextEntry1(Name)" "pressure_tail")
(cx-gui-do cx-set-list-selections "Automatic Export*Table1*Table2*DropDownList1(File Type)" '( 1))
(cx-gui-do cx-activate-item "Automatic Export*Table1*Table2*DropDownList1(File Type)")
(cx-gui-do cx-set-toggle-button2 "Automatic Export*Table1*Table2*ToggleBox7(Delimiter)*Comma" #t)
(cx-gui-do cx-activate-item "Automatic Export*Table1*Table2*ToggleBox7(Delimiter)*Comma")
(cx-gui-do cx-set-text-entry "Automatic Export*Table1*Table8*Table1*TextEntry1(File Name)" "./Results/pressure_tail")
(cx-gui-do cx-set-list-selections "Automatic Export*Table1*List4(Surfaces)" '( 27))
(cx-gui-do cx-activate-item "Automatic Export*Table1*List4(Surfaces)")
(cx-gui-do cx-activate-item "Automatic Export*PanelButtons*PushButton1(OK)")
(cx-gui-do cx-activate-item "Calculation Activities*ButtonBox4*PushButton1(Create)")
(cx-gui-do cx-activate-item "MenuBar*PopupMenuAutomaticExport*Solution Data Export...")
(cx-gui-do cx-set-text-entry "Automatic Export*Table1*TextEntry1(Name)" "pressure_vtail_left")
(cx-gui-do cx-set-list-selections "Automatic Export*Table1*Table2*DropDownList1(File Type)" '( 1))
(cx-gui-do cx-activate-item "Automatic Export*Table1*Table2*DropDownList1(File Type)")
(cx-gui-do cx-set-toggle-button2 "Automatic Export*Table1*Table2*ToggleBox7(Delimiter)*Comma" #t)
(cx-gui-do cx-activate-item "Automatic Export*Table1*Table2*ToggleBox7(Delimiter)*Comma")
(cx-gui-do cx-set-text-entry "Automatic Export*Table1*Table8*Table1*TextEntry1(File Name)" "./Results/pressure_vtail_left")

(cx-gui-do cx-set-list-selections "Automatic Export*Table1*List4(Surfaces)" '( 28))
(cx-gui-do cx-activate-item "Automatic Export*Table1*List4(Surfaces)")
(cx-gui-do cx-activate-item "Automatic Export*PanelButtons*PushButton1(OK)")
(cx-gui-do cx-activate-item "Calculation Activities*ButtonBox4*PushButton1(Create)")
(cx-gui-do cx-activate-item "MenuBar*PopupMenuAutomaticExport*Solution Data Export...")
(cx-gui-do cx-set-text-entry "Automatic Export*Table1*TextEntry1(Name)" "vtail_right")
(cx-gui-do cx-set-list-selections "Automatic Export*Table1*Table2*DropDownList1(File Type)" '( 1))
(cx-gui-do cx-activate-item "Automatic Export*Table1*Table2*DropDownList1(File Type)")
(cx-gui-do cx-set-toggle-button2 "Automatic Export*Table1*Table2*ToggleBox7(Delimiter)*Comma" #t)
(cx-gui-do cx-activate-item "Automatic Export*Table1*Table2*ToggleBox7(Delimiter)*Comma")
(cx-gui-do cx-set-text-entry "Automatic Export*Table1*Table8*Table1*TextEntry1(File Name)" "./Results/vtail_right")
(cx-gui-do cx-set-list-selections "Automatic Export*Table1*List4(Surfaces)" '( 29))
(cx-gui-do cx-activate-item "Automatic Export*Table1*List4(Surfaces)")
(cx-gui-do cx-activate-item "Automatic Export*PanelButtons*PushButton1(OK)")
(cx-gui-do cx-set-list-selections "Calculation Activities*List2(Automatic Export)" '( 9))
(cx-gui-do cx-activate-item "Calculation Activities*List2(Automatic Export)")
(cx-gui-do cx-activate-item "Calculation Activities*ButtonBox4*PushButton2(Edit)")
(cx-gui-do cx-set-text-entry "Automatic Export*Table1*Table8*Table1*TextEntry1(File Name)" "./Results/pressure_vtail_right")

(cx-gui-do cx-activate-item "Automatic Export*PanelButtons*PushButton2(Cancel)")
(cx-gui-do cx-activate-item "Calculation Activities*ButtonBox4*PushButton3(Delete)")
(cx-gui-do cx-activate-item "Calculation Activities*ButtonBox4*PushButton1(Create)")
(cx-gui-do cx-activate-item "MenuBar*PopupMenuAutomaticExport*Solution Data Export...")
(cx-gui-do cx-set-text-entry "Automatic Export*Table1*TextEntry1(Name)" "pressure_vtail_right")
(cx-gui-do cx-set-list-selections "Automatic Export*Table1*Table2*DropDownList1(File Type)" '( 1))
(cx-gui-do cx-activate-item "Automatic Export*Table1*Table2*DropDownList1(File Type)")
(cx-gui-do cx-set-toggle-button2 "Automatic Export*Table1*Table2*ToggleBox7(Delimiter)*Comma" #t)
(cx-gui-do cx-activate-item "Automatic Export*Table1*Table2*ToggleBox7(Delimiter)*Comma")
(cx-gui-do cx-set-text-entry "Automatic Export*Table1*Table8*Table1*TextEntry1(File Name)" "./Results/pressure_vtail_right")

(cx-gui-do cx-set-list-selections "Automatic Export*Table1*List4(Surfaces)" '( 29))
(cx-gui-do cx-activate-item "Automatic Export*Table1*List4(Surfaces)")
(cx-gui-do cx-activate-item "Automatic Export*PanelButtons*PushButton1(OK)")




